// Vitest Snapshot v1, https://vitest.dev/guide/snapshot.html

exports[`Tests for the Detailed Card component > Make sure the detailed card component correctly displays the detailed card data 1`] = `
<div
  class="_PokeDetails_ad96d1"
  data-testid="pokemon-details"
>
  <h2
    class="_Heading_ad96d1"
  >
    pikachu
  </h2>
  <div
    class="_Container_ad96d1"
  >
    <ul
      data-testid="pokemon-details-description"
    >
      <li>
        <h4>
          Weight
        </h4>
        <p>
          60
        </p>
      </li>
      <li>
        <h4>
          height
        </h4>
        <p>
          4
        </p>
      </li>
      <li>
        <h4>
          Base Experience
        </h4>
        <p>
          112
        </p>
      </li>
      <li>
        <h4>
          Stats
        </h4>
        <ul>
          <li
            class="_KeyValue_ad96d1"
          >
            <span>
              hp
            </span>
            <span>
              35
            </span>
          </li>
          <li
            class="_KeyValue_ad96d1"
          >
            <span>
              attack
            </span>
            <span>
              55
            </span>
          </li>
          <li
            class="_KeyValue_ad96d1"
          >
            <span>
              defense
            </span>
            <span>
              40
            </span>
          </li>
          <li
            class="_KeyValue_ad96d1"
          >
            <span>
              special attack
            </span>
            <span>
              50
            </span>
          </li>
          <li
            class="_KeyValue_ad96d1"
          >
            <span>
              special defense
            </span>
            <span>
              50
            </span>
          </li>
          <li
            class="_KeyValue_ad96d1"
          >
            <span>
              speed
            </span>
            <span>
              90
            </span>
          </li>
        </ul>
      </li>
      <li>
        <h4>
          Abilities
        </h4>
        <ul>
          <li>
            static
          </li>
          <li>
            lightning-rod
          </li>
        </ul>
      </li>
      <li>
        <h4>
          Types
        </h4>
        <ul>
          <li>
            electric
          </li>
        </ul>
      </li>
    </ul>
  </div>
</div>
`;
