// Vitest Snapshot v1, https://vitest.dev/guide/snapshot.html

exports[`Tests for the Detailed Card component > Make sure the detailed card component correctly displays the detailed card data 1`] = `
<div
  class="_App_ce1e69"
  data-testid="app"
>
  <main
    class="_MainLayout_0ca5a7"
  >
    <div>
      <a
        href="https://github.com/lazy-goose/react-components/pull/2"
      >
        Link to Pull Request
      </a>
      <section
        class="_TopSlot_6cb14b"
      >
        <form
          class="_Form_6cb14b"
        >
          <fieldset
            class="_Search_6cb14b"
          >
            <input
              class="_TextInput_140eb2"
              placeholder="Search for pokemons"
              type="text"
              value=""
            />
            <button
              class="_Button_344a9e _Submit_6cb14b"
              type="submit"
            >
              Search
            </button>
            <button
              class="_LinkButton_31864b _ErrorLink_6cb14b"
              type="button"
            >
              No errors occurred? Click here to throw one!
            </button>
          </fieldset>
          <fieldset
            class="_Pagination_6cb14b"
          >
            <input
              class="_PageSizeInput_6cb14b"
              placeholder="150"
              type="text"
              value="150"
            />
            <ul
              class="_PageList_08165b _Pages_6cb14b"
              data-testid="pagination"
            >
              <li
                class="_PageItem_08165b _Active_08165b"
              >
                <button
                  class="_PageItemButton_08165b"
                  data-testid="page-button"
                  disabled=""
                  type="button"
                >
                  1
                </button>
              </li>
            </ul>
          </fieldset>
        </form>
      </section>
      <section
        class="_BottomSlot_6cb14b"
        data-testid="bottom-slot"
      >
        <div
          class="_PokeList_7cb214"
        >
          <div
            class="_PokeGrid_7cb214"
            data-testid="pokemons-container"
          >
            <div
              class="_PokeCard_bf7019 _Active_bf7019"
              data-testid="pokemon-card"
            >
              <a
                aria-current="page"
                class="_LinkWrapper_bf7019 active"
                data-testid="pokemon-card-link"
                href="/pokemon/pikachu"
              >
                <div
                  class="_ImageContainer_bf7019"
                >
                  <img
                    alt="pikachu pokemon"
                    class="_Image_bf7019"
                    src="https://raw.githubusercontent.com/PokeAPI/sprites/master/sprites/pokemon/25.png"
                  />
                </div>
                <h3
                  class="_Name_bf7019"
                >
                  pikachu
                </h3>
                <p
                  class="_Types_bf7019"
                >
                  Types: 
                  electric
                </p>
              </a>
            </div>
            <div
              class="_PokeCard_bf7019"
              data-testid="pokemon-card"
            >
              <a
                class="_LinkWrapper_bf7019"
                data-testid="pokemon-card-link"
                href="/pokemon/pikachu-rock-star"
              >
                <div
                  class="_ImageContainer_bf7019"
                >
                  <img
                    alt="pikachu-rock-star pokemon"
                    class="_Image_bf7019"
                    src="https://raw.githubusercontent.com/PokeAPI/sprites/master/sprites/pokemon/10080.png"
                  />
                </div>
                <h3
                  class="_Name_bf7019"
                >
                  pikachu-rock-star
                </h3>
                <p
                  class="_Types_bf7019"
                >
                  Types: 
                  electric
                </p>
              </a>
            </div>
            <div
              class="_PokeCard_bf7019"
              data-testid="pokemon-card"
            >
              <a
                class="_LinkWrapper_bf7019"
                data-testid="pokemon-card-link"
                href="/pokemon/pikachu-belle"
              >
                <div
                  class="_ImageContainer_bf7019"
                >
                  <img
                    alt="pikachu-belle pokemon"
                    class="_Image_bf7019"
                    src="https://raw.githubusercontent.com/PokeAPI/sprites/master/sprites/pokemon/10081.png"
                  />
                </div>
                <h3
                  class="_Name_bf7019"
                >
                  pikachu-belle
                </h3>
                <p
                  class="_Types_bf7019"
                >
                  Types: 
                  electric
                </p>
              </a>
            </div>
            <div
              class="_PokeCard_bf7019"
              data-testid="pokemon-card"
            >
              <a
                class="_LinkWrapper_bf7019"
                data-testid="pokemon-card-link"
                href="/pokemon/pikachu-pop-star"
              >
                <div
                  class="_ImageContainer_bf7019"
                >
                  <img
                    alt="pikachu-pop-star pokemon"
                    class="_Image_bf7019"
                    src="https://raw.githubusercontent.com/PokeAPI/sprites/master/sprites/pokemon/10082.png"
                  />
                </div>
                <h3
                  class="_Name_bf7019"
                >
                  pikachu-pop-star
                </h3>
                <p
                  class="_Types_bf7019"
                >
                  Types: 
                  electric
                </p>
              </a>
            </div>
            <div
              class="_PokeCard_bf7019"
              data-testid="pokemon-card"
            >
              <a
                class="_LinkWrapper_bf7019"
                data-testid="pokemon-card-link"
                href="/pokemon/pikachu-phd"
              >
                <div
                  class="_ImageContainer_bf7019"
                >
                  <img
                    alt="pikachu-phd pokemon"
                    class="_Image_bf7019"
                    src="https://raw.githubusercontent.com/PokeAPI/sprites/master/sprites/pokemon/10083.png"
                  />
                </div>
                <h3
                  class="_Name_bf7019"
                >
                  pikachu-phd
                </h3>
                <p
                  class="_Types_bf7019"
                >
                  Types: 
                  electric
                </p>
              </a>
            </div>
            <div
              class="_PokeCard_bf7019"
              data-testid="pokemon-card"
            >
              <a
                class="_LinkWrapper_bf7019"
                data-testid="pokemon-card-link"
                href="/pokemon/pikachu-libre"
              >
                <div
                  class="_ImageContainer_bf7019"
                >
                  <img
                    alt="pikachu-libre pokemon"
                    class="_Image_bf7019"
                    src="https://raw.githubusercontent.com/PokeAPI/sprites/master/sprites/pokemon/10084.png"
                  />
                </div>
                <h3
                  class="_Name_bf7019"
                >
                  pikachu-libre
                </h3>
                <p
                  class="_Types_bf7019"
                >
                  Types: 
                  electric
                </p>
              </a>
            </div>
            <div
              class="_PokeCard_bf7019"
              data-testid="pokemon-card"
            >
              <a
                class="_LinkWrapper_bf7019"
                data-testid="pokemon-card-link"
                href="/pokemon/pikachu-cosplay"
              >
                <div
                  class="_ImageContainer_bf7019"
                >
                  <img
                    alt="pikachu-cosplay pokemon"
                    class="_Image_bf7019"
                    src="https://raw.githubusercontent.com/PokeAPI/sprites/master/sprites/pokemon/10085.png"
                  />
                </div>
                <h3
                  class="_Name_bf7019"
                >
                  pikachu-cosplay
                </h3>
                <p
                  class="_Types_bf7019"
                >
                  Types: 
                  electric
                </p>
              </a>
            </div>
            <div
              class="_PokeCard_bf7019"
              data-testid="pokemon-card"
            >
              <a
                class="_LinkWrapper_bf7019"
                data-testid="pokemon-card-link"
                href="/pokemon/pikachu-original-cap"
              >
                <div
                  class="_ImageContainer_bf7019"
                >
                  <img
                    alt="pikachu-original-cap pokemon"
                    class="_Image_bf7019"
                    src="https://raw.githubusercontent.com/PokeAPI/sprites/master/sprites/pokemon/10094.png"
                  />
                </div>
                <h3
                  class="_Name_bf7019"
                >
                  pikachu-original-cap
                </h3>
                <p
                  class="_Types_bf7019"
                >
                  Types: 
                  electric
                </p>
              </a>
            </div>
            <div
              class="_PokeCard_bf7019"
              data-testid="pokemon-card"
            >
              <a
                class="_LinkWrapper_bf7019"
                data-testid="pokemon-card-link"
                href="/pokemon/pikachu-hoenn-cap"
              >
                <div
                  class="_ImageContainer_bf7019"
                >
                  <img
                    alt="pikachu-hoenn-cap pokemon"
                    class="_Image_bf7019"
                    src="https://raw.githubusercontent.com/PokeAPI/sprites/master/sprites/pokemon/10095.png"
                  />
                </div>
                <h3
                  class="_Name_bf7019"
                >
                  pikachu-hoenn-cap
                </h3>
                <p
                  class="_Types_bf7019"
                >
                  Types: 
                  electric
                </p>
              </a>
            </div>
            <div
              class="_PokeCard_bf7019"
              data-testid="pokemon-card"
            >
              <a
                class="_LinkWrapper_bf7019"
                data-testid="pokemon-card-link"
                href="/pokemon/pikachu-sinnoh-cap"
              >
                <div
                  class="_ImageContainer_bf7019"
                >
                  <img
                    alt="pikachu-sinnoh-cap pokemon"
                    class="_Image_bf7019"
                    src="https://raw.githubusercontent.com/PokeAPI/sprites/master/sprites/pokemon/10096.png"
                  />
                </div>
                <h3
                  class="_Name_bf7019"
                >
                  pikachu-sinnoh-cap
                </h3>
                <p
                  class="_Types_bf7019"
                >
                  Types: 
                  electric
                </p>
              </a>
            </div>
            <div
              class="_PokeCard_bf7019"
              data-testid="pokemon-card"
            >
              <a
                class="_LinkWrapper_bf7019"
                data-testid="pokemon-card-link"
                href="/pokemon/pikachu-unova-cap"
              >
                <div
                  class="_ImageContainer_bf7019"
                >
                  <img
                    alt="pikachu-unova-cap pokemon"
                    class="_Image_bf7019"
                    src="https://raw.githubusercontent.com/PokeAPI/sprites/master/sprites/pokemon/10097.png"
                  />
                </div>
                <h3
                  class="_Name_bf7019"
                >
                  pikachu-unova-cap
                </h3>
                <p
                  class="_Types_bf7019"
                >
                  Types: 
                  electric
                </p>
              </a>
            </div>
            <div
              class="_PokeCard_bf7019"
              data-testid="pokemon-card"
            >
              <a
                class="_LinkWrapper_bf7019"
                data-testid="pokemon-card-link"
                href="/pokemon/pikachu-kalos-cap"
              >
                <div
                  class="_ImageContainer_bf7019"
                >
                  <img
                    alt="pikachu-kalos-cap pokemon"
                    class="_Image_bf7019"
                    src="https://raw.githubusercontent.com/PokeAPI/sprites/master/sprites/pokemon/10098.png"
                  />
                </div>
                <h3
                  class="_Name_bf7019"
                >
                  pikachu-kalos-cap
                </h3>
                <p
                  class="_Types_bf7019"
                >
                  Types: 
                  electric
                </p>
              </a>
            </div>
            <div
              class="_PokeCard_bf7019"
              data-testid="pokemon-card"
            >
              <a
                class="_LinkWrapper_bf7019"
                data-testid="pokemon-card-link"
                href="/pokemon/pikachu-alola-cap"
              >
                <div
                  class="_ImageContainer_bf7019"
                >
                  <img
                    alt="pikachu-alola-cap pokemon"
                    class="_Image_bf7019"
                    src="https://raw.githubusercontent.com/PokeAPI/sprites/master/sprites/pokemon/10099.png"
                  />
                </div>
                <h3
                  class="_Name_bf7019"
                >
                  pikachu-alola-cap
                </h3>
                <p
                  class="_Types_bf7019"
                >
                  Types: 
                  electric
                </p>
              </a>
            </div>
            <div
              class="_PokeCard_bf7019"
              data-testid="pokemon-card"
            >
              <a
                class="_LinkWrapper_bf7019"
                data-testid="pokemon-card-link"
                href="/pokemon/pikachu-partner-cap"
              >
                <div
                  class="_ImageContainer_bf7019"
                >
                  <img
                    alt="pikachu-partner-cap pokemon"
                    class="_Image_bf7019"
                    src="https://raw.githubusercontent.com/PokeAPI/sprites/master/sprites/pokemon/10148.png"
                  />
                </div>
                <h3
                  class="_Name_bf7019"
                >
                  pikachu-partner-cap
                </h3>
                <p
                  class="_Types_bf7019"
                >
                  Types: 
                  electric
                </p>
              </a>
            </div>
            <div
              class="_PokeCard_bf7019"
              data-testid="pokemon-card"
            >
              <a
                class="_LinkWrapper_bf7019"
                data-testid="pokemon-card-link"
                href="/pokemon/pikachu-starter"
              >
                <div
                  class="_ImageContainer_bf7019"
                >
                  <div
                    class="_ImageFallbackBlock_bf7019"
                  >
                    ?
                  </div>
                </div>
                <h3
                  class="_Name_bf7019"
                >
                  pikachu-starter
                </h3>
                <p
                  class="_Types_bf7019"
                >
                  Types: 
                  electric
                </p>
              </a>
            </div>
            <div
              class="_PokeCard_bf7019"
              data-testid="pokemon-card"
            >
              <a
                class="_LinkWrapper_bf7019"
                data-testid="pokemon-card-link"
                href="/pokemon/pikachu-world-cap"
              >
                <div
                  class="_ImageContainer_bf7019"
                >
                  <div
                    class="_ImageFallbackBlock_bf7019"
                  >
                    ?
                  </div>
                </div>
                <h3
                  class="_Name_bf7019"
                >
                  pikachu-world-cap
                </h3>
                <p
                  class="_Types_bf7019"
                >
                  Types: 
                  electric
                </p>
              </a>
            </div>
            <div
              class="_PokeCard_bf7019"
              data-testid="pokemon-card"
            >
              <a
                class="_LinkWrapper_bf7019"
                data-testid="pokemon-card-link"
                href="/pokemon/pikachu-gmax"
              >
                <div
                  class="_ImageContainer_bf7019"
                >
                  <img
                    alt="pikachu-gmax pokemon"
                    class="_Image_bf7019"
                    src="https://raw.githubusercontent.com/PokeAPI/sprites/master/sprites/pokemon/10199.png"
                  />
                </div>
                <h3
                  class="_Name_bf7019"
                >
                  pikachu-gmax
                </h3>
                <p
                  class="_Types_bf7019"
                >
                  Types: 
                  electric
                </p>
              </a>
            </div>
          </div>
        </div>
      </section>
    </div>
    <aside
      class="_Aside_0ca5a7"
      data-testid="aside"
    >
      <div
        class="_AsideSticky_0ca5a7"
      >
        <a
          class="_AsideCloseButton_0ca5a7"
          data-testid="close-aside"
          href="/"
        >
          X
        </a>
        <div
          class="_PokeDetails_d5cb5b"
          data-testid="pokemon-details"
        >
          <h2
            class="_Heading_d5cb5b"
          >
            pikachu
          </h2>
          <ul>
            <li>
              <h4>
                Weight
              </h4>
              <p>
                60
              </p>
            </li>
            <li>
              <h4>
                height
              </h4>
              <p>
                4
              </p>
            </li>
            <li>
              <h4>
                Base Experience
              </h4>
              <p>
                112
              </p>
            </li>
            <li>
              <h4>
                Stats
              </h4>
              <ul>
                <li
                  class="_KeyValue_d5cb5b"
                >
                  <span>
                    hp
                  </span>
                  <span>
                    35
                  </span>
                </li>
                <li
                  class="_KeyValue_d5cb5b"
                >
                  <span>
                    attack
                  </span>
                  <span>
                    55
                  </span>
                </li>
                <li
                  class="_KeyValue_d5cb5b"
                >
                  <span>
                    defense
                  </span>
                  <span>
                    40
                  </span>
                </li>
                <li
                  class="_KeyValue_d5cb5b"
                >
                  <span>
                    special-attack
                  </span>
                  <span>
                    50
                  </span>
                </li>
                <li
                  class="_KeyValue_d5cb5b"
                >
                  <span>
                    special-defense
                  </span>
                  <span>
                    50
                  </span>
                </li>
                <li
                  class="_KeyValue_d5cb5b"
                >
                  <span>
                    speed
                  </span>
                  <span>
                    90
                  </span>
                </li>
              </ul>
            </li>
            <li>
              <h4>
                Abilities
              </h4>
              <ul>
                <li>
                  static
                </li>
                <li>
                  lightning-rod
                </li>
              </ul>
            </li>
            <li>
              <h4>
                Types
              </h4>
              <ul>
                <li>
                  electric
                </li>
              </ul>
            </li>
          </ul>
        </div>
      </div>
    </aside>
  </main>
</div>
`;
